
> @tradingagents/web@0.1.0 build /Library/WebServer/Documents/TradingAgents/apps/web
> next build

  ▲ Next.js 14.2.33

   Creating an optimized production build ...
 ✓ Compiled successfully
   Linting and checking validity of types ...

 ⚠ The Next.js plugin was not detected in your ESLint configuration. See https://nextjs.org/docs/basic-features/eslint#migrating-existing-config

./app/page.tsx
9:40  Warning: Unexpected any. Specify a different type.  @typescript-eslint/no-explicit-any
37:21  Warning: Unexpected any. Specify a different type.  @typescript-eslint/no-explicit-any
77:19  Warning: Unexpected any. Specify a different type.  @typescript-eslint/no-explicit-any

./lib/api-client.ts
32:12  Warning: Unexpected any. Specify a different type.  @typescript-eslint/no-explicit-any
96:14  Warning: Unexpected any. Specify a different type.  @typescript-eslint/no-explicit-any
127:15  Warning: Unexpected any. Specify a different type.  @typescript-eslint/no-explicit-any
137:60  Warning: Unexpected any. Specify a different type.  @typescript-eslint/no-explicit-any
138:41  Warning: Unexpected any. Specify a different type.  @typescript-eslint/no-explicit-any
150:57  Warning: Unexpected any. Specify a different type.  @typescript-eslint/no-explicit-any
151:41  Warning: Unexpected any. Specify a different type.  @typescript-eslint/no-explicit-any
164:30  Warning: Unexpected any. Specify a different type.  @typescript-eslint/no-explicit-any
168:30  Warning: Unexpected any. Specify a different type.  @typescript-eslint/no-explicit-any
168:44  Warning: Unexpected any. Specify a different type.  @typescript-eslint/no-explicit-any

info  - Need to disable some ESLint rules? Learn more here: https://nextjs.org/docs/basic-features/eslint#disabling-rules
   Collecting page data ...
   Generating static pages (0/4) ...
   Generating static pages (1/4) 
   Generating static pages (2/4) 
   Generating static pages (3/4) 
 ✓ Generating static pages (4/4)
   Finalizing page optimization ...
   Collecting build traces ...

Route (app)                              Size     First Load JS
┌ ○ /                                    4.09 kB        91.3 kB
└ ○ /_not-found                          873 B          88.1 kB
+ First Load JS shared by all            87.2 kB
  ├ chunks/1dd3208c-1bfa912d86ba96c5.js  53.6 kB
  ├ chunks/528-d8379d75af92e6e7.js       31.7 kB
  └ other shared chunks (total)          1.86 kB


○  (Static)  prerendered as static content

