
> @tradingagents/api@0.1.0 build /Library/WebServer/Documents/TradingAgents/apps/api
> tsc


<--- Last few GCs --->

[68334:0x76a400000]    66806 ms: Scavenge (interleaved) 4014.9 (4128.0) -> 3999.7 (4128.0) MB, pooled: 5 MB, 5.71 / 0.00 ms  (average mu = 0.071, current mu = 0.010) allocation failure; 
[68334:0x76a400000]    67665 ms: Mark-Compact 4015.2 (4128.2) -> 3999.9 (4128.7) MB, pooled: 4 MB, 853.62 / 0.00 ms  (average mu = 0.051, current mu = 0.020) allocation failure; scavenge might not succeed


<--- JS stacktrace --->

FATAL ERROR: Ineffective mark-compacts near heap limit Allocation failed - JavaScript heap out of memory
----- Native stack trace -----

 1: 0x10272dcac node::OOMErrorHandler(char const*, v8::OOMDetails const&) [/usr/local/bin/node]
 2: 0x102903998 v8::internal::V8::FatalProcessOutOfMemory(v8::internal::Isolate*, char const*, v8::OOMDetails const&) [/usr/local/bin/node]
 3: 0x102b130c0 v8::internal::Heap::stack() [/usr/local/bin/node]
 4: 0x102b29538 v8::internal::Heap::CollectGarbage(v8::internal::AllocationSpace, v8::internal::GarbageCollectionReason, v8::GCCallbackFlags)::$_1::operator()() const [/usr/local/bin/node]
 5: 0x102b28dcc void heap::base::Stack::SetMarkerAndCallbackImpl<v8::internal::Heap::CollectGarbage(v8::internal::AllocationSpace, v8::internal::GarbageCollectionReason, v8::GCCallbackFlags)::$_1>(heap::base::Stack*, void*, void const*) [/usr/local/bin/node]
 6: 0x1032e2f78 PushAllRegistersAndIterateStack [/usr/local/bin/node]
 7: 0x102b11280 v8::internal::Heap::CollectGarbage(v8::internal::AllocationSpace, v8::internal::GarbageCollectionReason, v8::GCCallbackFlags) [/usr/local/bin/node]
 8: 0x102b05a48 v8::internal::HeapAllocator::AllocateRawWithLightRetrySlowPath(int, v8::internal::AllocationType, v8::internal::AllocationOrigin, v8::internal::AllocationAlignment) [/usr/local/bin/node]
 9: 0x102b06280 v8::internal::HeapAllocator::AllocateRawWithRetryOrFailSlowPath(int, v8::internal::AllocationType, v8::internal::AllocationOrigin, v8::internal::AllocationAlignment) [/usr/local/bin/node]
10: 0x102ae95a0 v8::internal::Factory::NewFillerObject(int, v8::internal::AllocationAlignment, v8::internal::AllocationType, v8::internal::AllocationOrigin) [/usr/local/bin/node]
11: 0x102f05050 v8::internal::Runtime_AllocateInYoungGeneration(int, unsigned long*, v8::internal::Isolate*) [/usr/local/bin/node]
12: 0x1033c5af4 Builtins_CEntry_Return1_ArgvOnStack_NoBuiltinExit [/usr/local/bin/node]
13: 0x103411344 Builtins_FastNewFunctionContextFunction [/usr/local/bin/node]
14: 0x10e164b50 
15: 0x10e14b908 
16: 0x10e21479c 
17: 0x10e3b431c 
18: 0x10e1ef704 
19: 0x10e024bfc 
20: 0x10e2227dc 
21: 0x10e21de28 
22: 0x10e3b6160 
23: 0x10e222750 
24: 0x10e21de28 
25: 0x10e3b6160 
26: 0x10e28da88 
27: 0x10e024dbc 
28: 0x10e2227dc 
29: 0x10e21de28 
30: 0x10e3b6160 
31: 0x10e222750 
32: 0x10e21de28 
33: 0x10e3b6160 
34: 0x10e28da88 
35: 0x10e024dbc 
36: 0x10e2227dc 
37: 0x10e21de28 
38: 0x10e3b6160 
39: 0x10e222750 
40: 0x10e21de28 
41: 0x10e3b6160 
42: 0x10e28da88 
43: 0x10e024dbc 
44: 0x10e2227dc 
45: 0x10e21de28 
46: 0x10e3b6160 
47: 0x10e222750 
48: 0x10e21de28 
49: 0x10e3b6160 
50: 0x10e28da88 
51: 0x10e024dbc 
52: 0x10e2227dc 
53: 0x10e21de28 
54: 0x10e3b6160 
55: 0x10e222750 
56: 0x10e21de28 
57: 0x10e3b6160 
58: 0x10e28da88 
59: 0x10e024dbc 
60: 0x10e2227dc 
61: 0x10e21de28 
62: 0x10e3b6160 
63: 0x10e222750 
64: 0x10e21de28 
65: 0x10e3b6160 
66: 0x10e28da88 
67: 0x10e024dbc 
68: 0x10e2227dc 
69: 0x10e21de28 
70: 0x10e3b6160 
71: 0x10e222750 
72: 0x10e21de28 
73: 0x10e00bf04 
74: 0x10e28da88 
75: 0x10e024dbc 
76: 0x10e2227dc 
77: 0x10e21de28 
78: 0x10e00bf04 
79: 0x10e222750 
80: 0x10e21de28 
81: 0x10e00bf04 
82: 0x10e28da88 
83: 0x10e024dbc 
84: 0x10e2227dc 
85: 0x10e21de28 
86: 0x10e00bf04 
87: 0x10e222750 
88: 0x10e21de28 
89: 0x10e00bf04 
90: 0x10e28da88 
91: 0x10e024dbc 
92: 0x10e2227dc 
93: 0x10e21de28 
94: 0x10e00bf04 
95: 0x10e222750 
96: 0x10e21de28 
97: 0x10e00bf04 
98: 0x10e28da88 
99: 0x10e024dbc 
100: 0x10e2227dc 
101: 0x10e21de28 
102: 0x10e00bf04 
103: 0x10e222750 
104: 0x10e21de28 
105: 0x10e00bf04 
106: 0x10e28da88 
107: 0x10e024dbc 
108: 0x10e2227dc 
109: 0x10e21de28 
110: 0x10e00bf04 
111: 0x10e222750 
112: 0x10e21de28 
113: 0x10e00bf04 
114: 0x10e26e314 
115: 0x10dfc89a4 
116: 0x10e315944 
117: 0x10e39a8bc 
118: 0x10e268bdc 
119: 0x10e16c388 
120: 0x10e014258 
121: 0x10e00e79c 
122: 0x10e34d18c 
123: 0x10e00f9ec 
124: 0x10e0181a0 
125: 0x103330ef0 Builtins_InterpreterEntryTrampoline [/usr/local/bin/node]
126: 0x10dfd982c 
127: 0x10df6a140 
128: 0x10df69234 
129: 0x10df268dc 
130: 0x10df19584 
131: 0x10dff7c54 
132: 0x10e2fb2dc 
133: 0x10df65e10 
134: 0x10df1f644 
135: 0x10df1e420 
136: 0x10e172dc8 
137: 0x10dfd4aac 
138: 0x10e2fbb5c 
139: 0x10dfcdae4 
140: 0x10df66be8 
141: 0x10ddec228 
142: 0x10e2faf98 
143: 0x10dcb3afc 
144: 0x10dfcd6ac 
145: 0x10df66be8 
146: 0x10ddec354 
147: 0x103330ef0 Builtins_InterpreterEntryTrampoline [/usr/local/bin/node]
148: 0x103330ef0 Builtins_InterpreterEntryTrampoline [/usr/local/bin/node]
149: 0x103330ef0 Builtins_InterpreterEntryTrampoline [/usr/local/bin/node]
150: 0x103330ef0 Builtins_InterpreterEntryTrampoline [/usr/local/bin/node]
151: 0x103330ef0 Builtins_InterpreterEntryTrampoline [/usr/local/bin/node]
152: 0x10def117c 
153: 0x10def2300 
154: 0x10def1828 
155: 0x10def1af4 
156: 0x10def1d5c 
157: 0x10def1ef8 
158: 0x10de20090 
159: 0x10dbf7bb8 
160: 0x103330ef0 Builtins_InterpreterEntryTrampoline [/usr/local/bin/node]
161: 0x103330ef0 Builtins_InterpreterEntryTrampoline [/usr/local/bin/node]
162: 0x103330ef0 Builtins_InterpreterEntryTrampoline [/usr/local/bin/node]
163: 0x103330ef0 Builtins_InterpreterEntryTrampoline [/usr/local/bin/node]
164: 0x103330ef0 Builtins_InterpreterEntryTrampoline [/usr/local/bin/node]
165: 0x103330ef0 Builtins_InterpreterEntryTrampoline [/usr/local/bin/node]
166: 0x103330ef0 Builtins_InterpreterEntryTrampoline [/usr/local/bin/node]
167: 0x103330ef0 Builtins_InterpreterEntryTrampoline [/usr/local/bin/node]
168: 0x103330ef0 Builtins_InterpreterEntryTrampoline [/usr/local/bin/node]
169: 0x103330ef0 Builtins_InterpreterEntryTrampoline [/usr/local/bin/node]
170: 0x103330ef0 Builtins_InterpreterEntryTrampoline [/usr/local/bin/node]
171: 0x103330ef0 Builtins_InterpreterEntryTrampoline [/usr/local/bin/node]
172: 0x103330ef0 Builtins_InterpreterEntryTrampoline [/usr/local/bin/node]
173: 0x103330ef0 Builtins_InterpreterEntryTrampoline [/usr/local/bin/node]
174: 0x103330ef0 Builtins_InterpreterEntryTrampoline [/usr/local/bin/node]
175: 0x103330ef0 Builtins_InterpreterEntryTrampoline [/usr/local/bin/node]
176: 0x103330ef0 Builtins_InterpreterEntryTrampoline [/usr/local/bin/node]
177: 0x103330ef0 Builtins_InterpreterEntryTrampoline [/usr/local/bin/node]
178: 0x103330ef0 Builtins_InterpreterEntryTrampoline [/usr/local/bin/node]
179: 0x103330ef0 Builtins_InterpreterEntryTrampoline [/usr/local/bin/node]
180: 0x103330ef0 Builtins_InterpreterEntryTrampoline [/usr/local/bin/node]
181: 0x103330ef0 Builtins_InterpreterEntryTrampoline [/usr/local/bin/node]
182: 0x103330ef0 Builtins_InterpreterEntryTrampoline [/usr/local/bin/node]
183: 0x103330ef0 Builtins_InterpreterEntryTrampoline [/usr/local/bin/node]
184: 0x103330ef0 Builtins_InterpreterEntryTrampoline [/usr/local/bin/node]
185: 0x103330ef0 Builtins_InterpreterEntryTrampoline [/usr/local/bin/node]
186: 0x103330ef0 Builtins_InterpreterEntryTrampoline [/usr/local/bin/node]
187: 0x103330ef0 Builtins_InterpreterEntryTrampoline [/usr/local/bin/node]
188: 0x103330ef0 Builtins_InterpreterEntryTrampoline [/usr/local/bin/node]
189: 0x103330ef0 Builtins_InterpreterEntryTrampoline [/usr/local/bin/node]
190: 0x103330ef0 Builtins_InterpreterEntryTrampoline [/usr/local/bin/node]
191: 0x103330ef0 Builtins_InterpreterEntryTrampoline [/usr/local/bin/node]
192: 0x103330ef0 Builtins_InterpreterEntryTrampoline [/usr/local/bin/node]
193: 0x103330ef0 Builtins_InterpreterEntryTrampoline [/usr/local/bin/node]
194: 0x10332ec0c Builtins_JSEntryTrampoline [/usr/local/bin/node]
195: 0x10332e8f4 Builtins_JSEntry [/usr/local/bin/node]
196: 0x102a6afbc v8::internal::(anonymous namespace)::Invoke(v8::internal::Isolate*, v8::internal::(anonymous namespace)::InvokeParams const&) [/usr/local/bin/node]
197: 0x102a6a918 v8::internal::Execution::Call(v8::internal::Isolate*, v8::internal::Handle<v8::internal::Object>, v8::internal::Handle<v8::internal::Object>, int, v8::internal::Handle<v8::internal::Object>*) [/usr/local/bin/node]
198: 0x102919f04 v8::Function::Call(v8::Local<v8::Context>, v8::Local<v8::Value>, int, v8::Local<v8::Value>*) [/usr/local/bin/node]
199: 0x102708050 node::builtins::BuiltinLoader::CompileAndCall(v8::Local<v8::Context>, char const*, node::Realm*) [/usr/local/bin/node]
200: 0x1027c0d14 node::Realm::ExecuteBootstrapper(char const*) [/usr/local/bin/node]
201: 0x1026e5db0 node::StartExecution(node::Environment*, char const*) [/usr/local/bin/node]
202: 0x1026e5d04 node::StartExecution(node::Environment*, std::__1::function<v8::MaybeLocal<v8::Value> (node::StartExecutionCallbackInfo const&)>) [/usr/local/bin/node]
203: 0x1026323e0 node::LoadEnvironment(node::Environment*, std::__1::function<v8::MaybeLocal<v8::Value> (node::StartExecutionCallbackInfo const&)>, std::__1::function<void (node::Environment*, v8::Local<v8::Value>, v8::Local<v8::Value>)>) [/usr/local/bin/node]
204: 0x102778e10 node::NodeMainInstance::Run() [/usr/local/bin/node]
205: 0x1026e9008 node::Start(int, char**) [/usr/local/bin/node]
206: 0x1832a5d54 start [/usr/lib/dyld]
 ELIFECYCLE  Command failed.
